Traceback (most recent call last):
  File "E:\Github\Heart-Disease-Prediction\debug_run.py", line 7, in <module>
    from src.heart_disease.ml import trainer
  File "E:\Github\Heart-Disease-Prediction\src\heart_disease\ml\trainer.py", line 2, in <module>
    import torch
  File "C:\Users\nakul\anaconda3\envs\pytorch\Lib\site-packages\torch\__init__.py", line 2204, in <module>
    from torch import _VF as _VF, functional as functional  # usort: skip
    ^^^^^^^^^^^^^^^^^^^^^^^^^^^^^^^^^^^^^^^^^^^^^^^^^^^^^^
  File "C:\Users\nakul\anaconda3\envs\pytorch\Lib\site-packages\torch\functional.py", line 8, in <module>
    import torch.nn.functional as F
  File "C:\Users\nakul\anaconda3\envs\pytorch\Lib\site-packages\torch\nn\__init__.py", line 8, in <module>
    from torch.nn.modules import *  # usort: skip # noqa: F403
    ^^^^^^^^^^^^^^^^^^^^^^^^^^^^^^
  File "C:\Users\nakul\anaconda3\envs\pytorch\Lib\site-packages\torch\nn\modules\__init__.py", line 1, in <module>
    from .module import Module  # usort: skip
    ^^^^^^^^^^^^^^^^^^^^^^^^^^
  File "C:\Users\nakul\anaconda3\envs\pytorch\Lib\site-packages\torch\nn\modules\module.py", line 17, in <module>
    from torch.utils._python_dispatch import is_traceable_wrapper_subclass
  File "C:\Users\nakul\anaconda3\envs\pytorch\Lib\site-packages\torch\utils\__init__.py", line 8, in <module>
    from torch.utils import (
  File "C:\Users\nakul\anaconda3\envs\pytorch\Lib\site-packages\torch\utils\data\__init__.py", line 1, in <module>
    from torch.utils.data.dataloader import (
  File "C:\Users\nakul\anaconda3\envs\pytorch\Lib\site-packages\torch\utils\data\dataloader.py", line 26, in <module>
    import torch.utils.data.graph_settings
  File "C:\Users\nakul\anaconda3\envs\pytorch\Lib\site-packages\torch\utils\data\graph_settings.py", line 8, in <module>
    from torch.utils.data.datapipes.iter.sharding import (
  File "C:\Users\nakul\anaconda3\envs\pytorch\Lib\site-packages\torch\utils\data\datapipes\__init__.py", line 1, in <module>
    from torch.utils.data.datapipes import dataframe as dataframe, iter as iter, map as map
  File "C:\Users\nakul\anaconda3\envs\pytorch\Lib\site-packages\torch\utils\data\datapipes\iter\__init__.py", line 1, in <module>
    from torch.utils.data.datapipes.iter.callable import (
  File "C:\Users\nakul\anaconda3\envs\pytorch\Lib\site-packages\torch\utils\data\datapipes\iter\callable.py", line 8, in <module>
    from torch.utils.data._utils.collate import default_collate
  File "C:\Users\nakul\anaconda3\envs\pytorch\Lib\site-packages\torch\utils\data\_utils\__init__.py", line 53, in <module>
    from . import collate, fetch, pin_memory, signal_handling, worker
  File "C:\Users\nakul\anaconda3\envs\pytorch\Lib\site-packages\torch\utils\data\_utils\collate.py", line 330, in <module>
    default_collate_fn_map[np.ndarray] = collate_numpy_array_fn
                           ^^^^^^^^^^
AttributeError: module 'numpy' has no attribute 'ndarray'
